[backblue.gif]
[fade.gif]
[index.html]
[demo.awaikenthemes.com/html-preview/zorvixa/html/images/favicon.png]
[demo.awaikenthemes.com/html-preview/zorvixa/html/images/video-placeholder.jpg]
[demo.awaikenthemes.com/html-preview/zorvixa/html/images/home-contact-bg.png]
[demo.awaikenthemes.com/html-preview/zorvixa/html/images/services-1.jpg]
[demo.awaikenthemes.com/html-preview/zorvixa/html/images/services-2.jpg]
[demo.awaikenthemes.com/html-preview/zorvixa/html/images/services-3.jpg]
[demo.awaikenthemes.com/html-preview/zorvixa/html/images/get-consulations.png]
[demo.awaikenthemes.com/html-preview/zorvixa/html/images/team-1.jpg]
[demo.awaikenthemes.com/html-preview/zorvixa/html/images/team-2.jpg]
[demo.awaikenthemes.com/html-preview/zorvixa/html/images/team-3.jpg]
[demo.awaikenthemes.com/html-preview/zorvixa/html/images/why-choose-us-img.jpg]
[demo.awaikenthemes.com/html-preview/zorvixa/html/images/why-choose-us-video-img.jpg]
[demo.awaikenthemes.com/html-preview/zorvixa/html/images/author-1.jpg]
[demo.awaikenthemes.com/html-preview/zorvixa/html/images/author-2.jpg]
[demo.awaikenthemes.com/html-preview/zorvixa/html/images/author-3.jpg]
[demo.awaikenthemes.com/html-preview/zorvixa/html/images/author-4.jpg]
[demo.awaikenthemes.com/html-preview/zorvixa/html/images/author-5.jpg]
[demo.awaikenthemes.com/html-preview/zorvixa/html/images/post-1.jpg]
[demo.awaikenthemes.com/html-preview/zorvixa/html/images/post-2.jpg]
[demo.awaikenthemes.com/html-preview/zorvixa/html/images/post-3.jpg]
[demo.awaikenthemes.com/html-preview/zorvixa/html/js/jquery-3.7.1.min.js]
[demo.awaikenthemes.com/html-preview/zorvixa/html/js/bootstrap.min.js]
[demo.awaikenthemes.com/html-preview/zorvixa/html/js/validator.min.js]
[demo.awaikenthemes.com/html-preview/zorvixa/html/js/jquery.slicknav.js]
[demo.awaikenthemes.com/html-preview/zorvixa/html/js/swiper-bundle.min.js]
[demo.awaikenthemes.com/html-preview/zorvixa/html/js/jquery.waypoints.min.js]
[demo.awaikenthemes.com/html-preview/zorvixa/html/js/jquery.counterup.min.js]
[demo.awaikenthemes.com/html-preview/zorvixa/html/js/jquery.magnific-popup.min.js]
[demo.awaikenthemes.com/html-preview/zorvixa/html/js/parallaxie.js]
[demo.awaikenthemes.com/html-preview/zorvixa/html/js/SmoothScroll.js]
[demo.awaikenthemes.com/html-preview/zorvixa/html/js/gsap.min.js]
[demo.awaikenthemes.com/html-preview/zorvixa/html/js/magiccursor.js]
[demo.awaikenthemes.com/html-preview/zorvixa/html/js/splitType.js]
[demo.awaikenthemes.com/html-preview/zorvixa/html/js/ScrollTrigger.min.js]
[demo.awaikenthemes.com/html-preview/zorvixa/html/js/wow.js]
[demo.awaikenthemes.com/html-preview/zorvixa/html/js/function.js]
[demo.awaikenthemes.com/html-preview/zorvixa/html/index.html]
[demo.awaikenthemes.com/html-preview/zorvixa/html/css/bootstrap.min.css]
[demo.awaikenthemes.com/html-preview/zorvixa/html/css/slicknav.min.css]
[demo.awaikenthemes.com/html-preview/zorvixa/html/css/swiper-bundle.min.css]
[demo.awaikenthemes.com/html-preview/zorvixa/html/webfonts/fa-brands-400.woff2]
[demo.awaikenthemes.com/html-preview/zorvixa/html/webfonts/fa-brands-400.ttf]
[demo.awaikenthemes.com/html-preview/zorvixa/html/webfonts/fa-regular-400.woff2]
[demo.awaikenthemes.com/html-preview/zorvixa/html/webfonts/fa-regular-400.ttf]
[demo.awaikenthemes.com/html-preview/zorvixa/html/webfonts/fa-solid-900.woff2]
[demo.awaikenthemes.com/html-preview/zorvixa/html/webfonts/fa-solid-900.ttf]
[demo.awaikenthemes.com/html-preview/zorvixa/html/webfonts/fa-v4compatibility.woff2]
[demo.awaikenthemes.com/html-preview/zorvixa/html/webfonts/fa-v4compatibility.ttf]
[demo.awaikenthemes.com/html-preview/zorvixa/html/css/all.min.css]
[demo.awaikenthemes.com/html-preview/zorvixa/html/css/animate.css]
[demo.awaikenthemes.com/html-preview/zorvixa/html/css/magnific-popup.css]
[demo.awaikenthemes.com/html-preview/zorvixa/html/images/home-hero-bg-img.jpg]
[demo.awaikenthemes.com/html-preview/zorvixa/html/images/section-color-bg-img.png]
[demo.awaikenthemes.com/html-preview/zorvixa/html/images/why-choose-us-bg-img.jpg]
[demo.awaikenthemes.com/html-preview/zorvixa/html/images/footer-newsletter-bg-img.jpg]
[demo.awaikenthemes.com/html-preview/zorvixa/html/images/subpage-hero-img.jpg]
[demo.awaikenthemes.com/html-preview/zorvixa/html/images/service-hero.jpg]
[demo.awaikenthemes.com/html-preview/zorvixa/html/images/contactus-hero.jpg]
[demo.awaikenthemes.com/html-preview/zorvixa/html/css/custom.css]
[demo.awaikenthemes.com/html-preview/zorvixa/html/images/loader.svg]
[demo.awaikenthemes.com/html-preview/zorvixa/html/images/logo.svg]
[demo.awaikenthemes.com/html-preview/zorvixa/html/index-2.html]
[demo.awaikenthemes.com/html-preview/zorvixa/html/images/about-info-video-img.jpg]
[demo.awaikenthemes.com/html-preview/zorvixa/html/images/our-vision-img.jpg]
[demo.awaikenthemes.com/html-preview/zorvixa/html/images/our-mission-img.jpg]
[demo.awaikenthemes.com/html-preview/zorvixa/html/images/awards-1.png]
[demo.awaikenthemes.com/html-preview/zorvixa/html/images/awards-2.png]
[demo.awaikenthemes.com/html-preview/zorvixa/html/images/awards-3.png]
[demo.awaikenthemes.com/html-preview/zorvixa/html/images/awards-4.png]
[demo.awaikenthemes.com/html-preview/zorvixa/html/about.html]
[demo.awaikenthemes.com/html-preview/zorvixa/html/images/services-4.jpg]
[demo.awaikenthemes.com/html-preview/zorvixa/html/images/services-5.jpg]
[demo.awaikenthemes.com/html-preview/zorvixa/html/images/services-6.jpg]
[demo.awaikenthemes.com/html-preview/zorvixa/html/images/service-our-benefit-img.png]
[demo.awaikenthemes.com/html-preview/zorvixa/html/services.html]
[demo.awaikenthemes.com/html-preview/zorvixa/html/images/need-help-women-image.png]
[demo.awaikenthemes.com/html-preview/zorvixa/html/images/services-single-content-img.jpg]
[demo.awaikenthemes.com/html-preview/zorvixa/html/services-single.html]
[demo.awaikenthemes.com/html-preview/zorvixa/html/images/post-4.jpg]
[demo.awaikenthemes.com/html-preview/zorvixa/html/images/post-5.jpg]
[demo.awaikenthemes.com/html-preview/zorvixa/html/images/post-6.jpg]
[demo.awaikenthemes.com/html-preview/zorvixa/html/blog.html]
[demo.awaikenthemes.com/html-preview/zorvixa/html/images/blog-feature-img.jpg]
[demo.awaikenthemes.com/html-preview/zorvixa/html/blog-single.html]
[demo.awaikenthemes.com/html-preview/zorvixa/html/404.html]
[demo.awaikenthemes.com/html-preview/zorvixa/html/images/team-4.jpg]
[demo.awaikenthemes.com/html-preview/zorvixa/html/images/team-5.jpg]
[demo.awaikenthemes.com/html-preview/zorvixa/html/images/team-6.jpg]
[demo.awaikenthemes.com/html-preview/zorvixa/html/team.html]
[demo.awaikenthemes.com/html-preview/zorvixa/html/contact.html]
[demo.awaikenthemes.com/html-preview/zorvixa/html/images/icon-peace-of-mind.svg]
[demo.awaikenthemes.com/html-preview/zorvixa/html/images/icon-tailored-cover.svg]
[demo.awaikenthemes.com/html-preview/zorvixa/html/images/icon-24-7-support.svg]
[demo.awaikenthemes.com/html-preview/zorvixa/html/images/icon-secure-services.svg]
[demo.awaikenthemes.com/html-preview/zorvixa/html/images/icon-money-back.svg]
[demo.awaikenthemes.com/html-preview/zorvixa/html/images/icon-services-1.svg]
[demo.awaikenthemes.com/html-preview/zorvixa/html/images/icon-services-2.svg]
[demo.awaikenthemes.com/html-preview/zorvixa/html/images/icon-services-3.svg]
[demo.awaikenthemes.com/html-preview/zorvixa/html/contact-us.html]
[demo.awaikenthemes.com/html-preview/zorvixa/html/images/icon-happy-customers.svg]
[demo.awaikenthemes.com/html-preview/zorvixa/html/images/icon-insurance-careers.svg]
[demo.awaikenthemes.com/html-preview/zorvixa/html/images/icon-awards-won.svg]
[demo.awaikenthemes.com/html-preview/zorvixa/html/images/icon-claims-settled.svg]
[demo.awaikenthemes.com/html-preview/zorvixa/html/images/icon-support-team.svg]
[demo.awaikenthemes.com/html-preview/zorvixa/html/images/footer-logo.svg]
[demo.awaikenthemes.com/html-preview/zorvixa/html/images/line.svg]
[demo.awaikenthemes.com/html-preview/zorvixa/html/images/icon-dot.svg]
[demo.awaikenthemes.com/html-preview/zorvixa/html/images/icon-vision.svg]
[demo.awaikenthemes.com/html-preview/zorvixa/html/images/icon-mission.svg]
[demo.awaikenthemes.com/html-preview/zorvixa/html/images/icon-services-4.svg]
[demo.awaikenthemes.com/html-preview/zorvixa/html/images/icon-services-5.svg]
[demo.awaikenthemes.com/html-preview/zorvixa/html/images/icon-services-6.svg]
[demo.awaikenthemes.com/html-preview/zorvixa/html/images/icon-health-insurance-color.svg]
[demo.awaikenthemes.com/html-preview/zorvixa/html/images/icon-car-insurance-color.svg]
[demo.awaikenthemes.com/html-preview/zorvixa/html/images/icon-home-insurance-color.svg]
[demo.awaikenthemes.com/html-preview/zorvixa/html/images/icon-life-insurance-color.svg]
[demo.awaikenthemes.com/html-preview/zorvixa/html/images/icon-travel-insurance-color.svg]
[demo.awaikenthemes.com/html-preview/zorvixa/html/images/icon-business-insurance-color.svg]
[demo.awaikenthemes.com/html-preview/zorvixa/html/images/icon-location-color.svg]
[demo.awaikenthemes.com/html-preview/zorvixa/html/images/icon-phone-color.svg]
[demo.awaikenthemes.com/html-preview/zorvixa/html/images/icon-mail-color.svg]
[demo.awaikenthemes.com/html-preview/zorvixa/html/images/404-error-img.svg]
[demo.awaikenthemes.com/html-preview/zorvixa/html/images/icon-location.svg]
[demo.awaikenthemes.com/html-preview/zorvixa/html/images/icon-phone.svg]
[demo.awaikenthemes.com/html-preview/zorvixa/html/images/icon-mail.svg]
